
> n8n@0.1.0 build C:\Users\adity\Documents\final-year project\n8n
> next build

node.exe : ΓÜá turbopack.root should be 
absolute, using: 
C:\Users\adity\Documents\final-year project\n8n
At 
C:\Users\adity\AppData\Roaming\npm\pnpm.ps1:24 
char:5
+     & "node$exe"  
"$basedir/node_modules/pnpm/bin/pnpm.cjs" $args
+     ~~~~~~~~~~~~~~~~~~~~~~~~~~~~~~~~~~~~~~~~~~
~~~~~~~~~~~~~~~~~~~
    + CategoryInfo          : NotSpecified: (ΓÜ 
   á turbopack.r...ear project\n8n:String) [],  
   RemoteException
    + FullyQualifiedErrorId : NativeCommandErro 
   r
 
Γû▓ Next.js 16.2.2 (Turbopack)
- Environments: .env

  Creating an optimized production build ...
Γ£ô Compiled successfully in 51s
  Running TypeScript ...
Failed to type check.

./src/inngest/functions.ts:46:3
Type error: Expected 2 arguments, but got 3.

  [90m44 |[0m     ],
  [90m45 |[0m   },
[31m[1m>[0m [90m46 |[0m   [36masync[0m 
({ event, step, publish }) => {
  [90m   |[0m   [31m[1m^[0m
  [90m47 |[0m     [36mconst[0m 
inngestEventId = event.id;
  [90m48 |[0m     [36mconst[0m workflowId = 
event.data.workflowId;
  [90m49 |[0m
Next.js build worker exited with code: 1 and 
signal: null
ΓÇëELIFECYCLEΓÇë Command failed with exit code 1.
