
> n8n@0.1.0 build C:\Users\adity\Documents\final-year project\n8n
> next build

node.exe : ΓÜá Warning: Next.js inferred your 
workspace root, but it may not be correct.
At 
C:\Users\adity\AppData\Roaming\npm\pnpm.ps1:24 
char:5
+     & "node$exe"  
"$basedir/node_modules/pnpm/bin/pnpm.cjs" $args
+     ~~~~~~~~~~~~~~~~~~~~~~~~~~~~~~~~~~~~~~~~~~
~~~~~~~~~~~~~~~~~~~
    + CategoryInfo          : NotSpecified: (ΓÜ 
   á Warning: Ne...not be correct.:String) [],  
   RemoteException
    + FullyQualifiedErrorId : NativeCommandErro 
   r
 
 We detected multiple lockfiles and selected 
the directory of C:\Users\adity\pnpm-lock.yaml 
as the root directory.
 To silence this warning, set `turbopack.root` 
in your Next.js config, or consider removing 
one of the lockfiles if it's not needed.
   See https://nextjs.org/docs/app/api-reference
/config/next-config-js/turbopack#root-directory 
for more information.
 Detected additional lockfiles: 
   * C:\Users\adity\Documents\final-year 
project\n8n\pnpm-lock.yaml

Γû▓ Next.js 16.2.2 (Turbopack)
- Environments: .env

  Creating an optimized production build ...
Turbopack build encountered 1 warnings:
./Documents/final-year 
project/n8n/next.config.ts
Encountered unexpected file in NFT list
A file was traced that indicates that the whole 
project was traced unintentionally. Somewhere 
in the import trace below, there are:
- filesystem operations (like path.join, 
path.resolve or fs.readFile), or
- very dynamic requires (like require('./' + 
foo)).
To resolve this, you can
- remove them if possible, or
- only use them in development, or
- make sure they are statically scoped to some 
subfolder: path.join(process.cwd(), 'data', 
bar), or
- add ignore comments: 
path.join(/*turbopackIgnore: true*/ 
process.cwd(), bar)

Import trace:
  App Route:
    ./Documents/final-year 
project/n8n/next.config.ts
    ./Documents/final-year 
project/n8n/src/generated/prisma/index.js
    ./Documents/final-year 
project/n8n/src/inngest/functions.ts
    ./Documents/final-year 
project/n8n/src/app/api/inngest/route.ts



> Build error occurred
Error: Turbopack build failed with 2 errors:
./Documents/final-year 
project/n8n/src/instrumentation.ts:9:11
Module not found: Can't resolve 
'../sentry.edge.config'
  [90m 7 |[0m
  [90m 8 |[0m   [36mif[0m 
(process.env.[33mNEXT_RUNTIME[0m === 
[32m'edge'[0m) {
[31m[1m>[0m [90m 9 |[0m     [36mawait[0m 
[36mimport[0m([32m'../sentry.edge.config'[0m
);
  [90m   |[0m           
[31m[1m^^^^^^^^^^^^^^^^^^^^^^^^^^^^^^^[0m
  [90m10 |[0m   }
  [90m11 |[0m }
  [90m12 |[0m



Import trace:
  App Route:
    ./Documents/final-year 
project/n8n/src/instrumentation.ts
    ./Documents/final-year 
project/n8n/src/generated/prisma/index.js
    ./Documents/final-year 
project/n8n/src/inngest/functions.ts
    ./Documents/final-year 
project/n8n/src/app/api/inngest/route.ts

https://nextjs.org/docs/messages/module-not-foun
d


./Documents/final-year 
project/n8n/src/instrumentation.ts:5:11
Module not found: Can't resolve 
'../sentry.server.config'
  [90m3 |[0m [36mexport[0m [36masync[0m 
[36mfunction[0m register() {
  [90m4 |[0m   [36mif[0m 
(process.env.[33mNEXT_RUNTIME[0m === 
[32m'nodejs'[0m) {
[31m[1m>[0m [90m5 |[0m     [36mawait[0m 
[36mimport[0m([32m'../sentry.server.config'[0
m);
  [90m  |[0m           
[31m[1m^^^^^^^^^^^^^^^^^^^^^^^^^^^^^^^^^[0m
  [90m6 |[0m   }
  [90m7 |[0m
  [90m8 |[0m   [36mif[0m 
(process.env.[33mNEXT_RUNTIME[0m === 
[32m'edge'[0m) {



Import trace:
  App Route:
    ./Documents/final-year 
project/n8n/src/instrumentation.ts
    ./Documents/final-year 
project/n8n/src/generated/prisma/index.js
    ./Documents/final-year 
project/n8n/src/inngest/functions.ts
    ./Documents/final-year 
project/n8n/src/app/api/inngest/route.ts

https://nextjs.org/docs/messages/module-not-foun
d


    at <unknown> (./Documents/final-year 
project/n8n/src/instrumentation.ts:9:11)
    at <unknown> (https://nextjs.org/docs/messag
es/module-not-found)
    at <unknown> (./Documents/final-year 
project/n8n/src/instrumentation.ts:5:11)
    at <unknown> (https://nextjs.org/docs/messag
es/module-not-found)
ΓÇëELIFECYCLEΓÇë Command failed with exit code 1.
